glucose G5, 3 species: 1042 cores -> 75 chemical motifs
      109  C+6H+10O+4+C6H10O4   C-2H-4O-1+-   C-4H-6O-3+-
       68  C+6H+10O+4+C6H10O4   C-2H-4O-1+-   C-4H-6O-3+-
       61  C+4H+8O+3+C4H8O3   C-4H-6O-2+-   H-2O-1+-
       55  C+5H+8O+4+C5H8O4   C-2H-4O-2+-   C-3H-4O-2+-

glucose G5, 4 species: 23961 cores -> 789 chemical motifs
      414  C+5H+8O+4+C5H8O4   C-1O+1+C6H12O6,H2O   C-2H-4O-2+-   C-2H-4O-3+-
      360  C+4H+4O+4+C4H4O4   C+4H+6O+3+C4H6O3   C-3H-4O-3+-   C-5H-6O-4+-
      326  C+5H+8O+4+C5H8O4   C-2H-4O-2+-   C-3H-6O-2+-   H+2+C6H12O6,H2O
      298  C+5H+6O+3+C5H6O3   C-2H-4O-2+-   C-3H-4O-2+-   H+2O+1+H2O

formose G6, 3 species: 2191 cores -> 144 chemical motifs
      191  C+6H+10O+4+C6H10O4   C-2H-4O-1+-   C-4H-6O-3+-
       94  C+6H+10O+4+C6H10O4   C-2H-4O-1+-   C-4H-6O-3+-
       81  C+7H+10O+3+C7H10O3   C-2H-4O-1+-   C-5H-6O-2+-
       77  C+4H+8O+3+C4H8O3   C-4H-6O-2+-   H-2O-1+-

formose G6, 4 species: 45869 cores -> 1803 chemical motifs
      655  0+-   C+6H+10O+4+C6H10O4   C-2H-4O-1+-   C-4H-6O-3+-
      634  C+6H+8O+3+C6H8O3   C-2H-4O-1+-   C-4H-6O-3+-   H+2O+1+H2O
      515  C+1H+2O+1+CH2O   C+6H+10O+4+C6H10O4   C-2H-4O-1+-   C-5H-8O-4+-
      510  C+1O+2+CO2   C+6H+10O+4+C6H10O4   C-2H-4O-1+-   C-5H-6O-5+-

3 species: glucose 75, formose 144, shared 65 (42% of the union)
4 species: glucose 789, formose 1803, shared 521 (25% of the union)
